[1] OK Inside A.last()
Inside B.last()
[2] OK Inside A.last()
Inside B.last()
[3] OK Inside A.last()
Inside B.last()
[4] OK Inside A.last()
Inside B.last()
[5] OK Inside A.last()
Inside B.last()
[6] OK Inside A.last()
Inside B.last()
[7] OK Inside A.last()
Inside B.last()
[8] OK Inside A.last()
Inside B.last()
[9] OK Inside A.last()
Inside B.last()
[10] OK Inside A.last()
Inside B.last()
[11] OK Inside A.last()
Inside B.last()
[12] OK Inside A.last()
Inside B.last()
[13] OK Inside A.last()
Inside B.last()
[14] OK Inside A.last()
Inside B.last()
[15] OK Inside A.last()
Inside B.last()
[16] OK Inside A.last()
Inside B.last()
[17] OK Inside A.last()
Inside B.last()
[18] OK Inside A.last()
Inside B.last()
[19] OK Inside A.last()
Inside B.last()
[20] OK Inside A.last()
Inside B.last()
[21] OK Inside A.last()
Inside B.last()
[22] OK Inside A.last()
Inside B.last()
[23] OK Inside A.last()
Inside B.last()
[24] OK Inside A.last()
Inside B.last()
[25] OK Inside A.last()
Inside B.last()
[26] OK Inside A.last()
Inside B.last()
[27] OK Inside A.last()
Inside B.last()
[28] OK Inside A.last()
Inside B.last()
[29] OK Inside A.last()
Inside B.last()
[30] OK Inside A.last()
Inside B.last()
[31] OK Inside A.last()
Inside B.last()
[32] OK Inside A.last()
Inside B.last()
[33] OK Inside A.last()
Inside B.last()
[34] OK Inside A.last()
Inside B.last()
[35] OK Inside A.last()
Inside B.last()
[36] OK Inside A.last()
Inside B.last()
[37] OK Inside A.last()
Inside B.last()
[38] OK Inside A.last()
Inside B.last()
[39] OK Inside A.last()
Inside B.last()
[40] OK Inside A.last()
Inside B.last()
[41] OK Inside A.last()
Inside B.last()
[42] OK Inside A.last()
Inside B.last()
[43] OK Inside A.last()
Inside B.last()
[44] OK Inside A.last()
Inside B.last()
[45] OK Inside A.last()
Inside B.last()
[46] OK Inside A.last()
Inside B.last()
[47] OK Inside A.last()
Inside B.last()
[48] OK Inside A.last()
Inside B.last()
[49] OK Inside A.last()
Inside B.last()
[50] OK Inside A.last()
Inside B.last()
[51] OK Inside A.last()
Inside B.last()
[52] OK Inside A.last()
Inside B.last()
[53] OK Inside A.last()
Inside B.last()
[54] OK Inside A.last()
Inside B.last()
[55] OK Inside A.last()
Inside B.last()
[56] OK Inside A.last()
Inside B.last()
[57] OK Inside A.last()
Inside B.last()
[58] OK Inside A.last()
Inside B.last()
[59] OK Inside A.last()
Inside B.last()
[60] OK Inside A.last()
Inside B.last()
[61] OK Inside A.last()
Inside B.last()
[62] OK Inside A.last()
Inside B.last()
[63] OK Inside A.last()
Inside B.last()
[64] OK Inside B.last()
Inside A.last()
[65] OK Inside A.last()
Inside B.last()
[66] OK Inside A.last()
Inside B.last()
[67] OK Inside A.last()
Inside B.last()
[68] OK Inside A.last()
Inside B.last()
[69] OK Inside A.last()
Inside B.last()
[70] OK Inside A.last()
Inside B.last()
[71] OK Inside A.last()
Inside B.last()
[72] OK Inside A.last()
Inside B.last()
[73] OK Inside A.last()
Inside B.last()
[74] OK Inside A.last()
Inside B.last()
[75] OK Inside A.last()
Inside B.last()
[76] OK Inside A.last()
Inside B.last()
[77] OK Inside A.last()
Inside B.last()
[78] OK Inside A.last()
Inside B.last()
[79] OK Inside A.last()
Inside B.last()
[80] OK Inside A.last()
Inside B.last()
[81] OK Inside A.last()
Inside B.last()
[82] OK Inside A.last()
Inside B.last()
[83] OK Inside A.last()
Inside B.last()
[84] OK Inside A.last()
Inside B.last()
[85] OK Inside A.last()
Inside B.last()
[86] OK Inside A.last()
Inside B.last()
[87] OK Inside A.last()
Inside B.last()
[88] OK Inside A.last()
Inside B.last()
[89] OK Inside A.last()
Inside B.last()
[90] OK Inside A.last()
Inside B.last()
[91] OK Inside A.last()
Inside B.last()
[92] OK Inside A.last()
Inside B.last()
[93] OK Inside A.last()
Inside B.last()
[94] OK Inside A.last()
Inside B.last()
[95] OK Inside A.last()
Inside B.last()
[96] OK Inside A.last()
Inside B.last()
[97] OK Inside A.last()
Inside B.last()
[98] OK Inside A.last()
Inside B.last()
[99] OK Inside A.last()
Inside B.last()
[100] OK Inside A.last()
Inside B.last()
[101] OK Inside A.last()
Inside B.last()
[102] OK Inside A.last()
Inside B.last()
[103] OK Inside A.last()
Inside B.last()
[104] OK Inside A.last()
Inside B.last()
[105] OK Inside A.last()
Inside B.last()
[106] OK Inside A.last()
Inside B.last()
[107] OK Inside A.last()
Inside B.last()
[108] OK Inside A.last()
Inside B.last()
[109] OK Inside A.last()
Inside B.last()
[110] OK Inside A.last()
Inside B.last()
[111] OK Inside A.last()
Inside B.last()
[112] OK Inside A.last()
Inside B.last()
[113] OK Inside A.last()
Inside B.last()
[114] OK Inside A.last()
Inside B.last()
[115] OK Inside A.last()
Inside B.last()
[116] OK Inside A.last()
Inside B.last()
[117] OK Inside A.last()
Inside B.last()
[118] OK Inside A.last()
Inside B.last()
[119] OK Inside A.last()
Inside B.last()
[120] OK Inside A.last()
Inside B.last()
[121] OK Inside A.last()
Inside B.last()
[122] OK Inside A.last()
Inside B.last()
[123] OK Inside A.last()
Inside B.last()
[124] OK Inside A.last()
Inside B.last()
[125] OK Inside A.last()
Inside B.last()
[126] OK Inside A.last()
Inside B.last()
[127] OK Inside A.last()
Inside B.last()
[128] OK Inside A.last()
Inside B.last()
[129] OK Inside A.last()
Inside B.last()
[130] OK Inside A.last()
Inside B.last()
[131] OK Inside A.last()
Inside B.last()
[132] OK Inside A.last()
Inside B.last()
[133] OK Inside A.last()
Inside B.last()
[134] OK Inside A.last()
Inside B.last()
[135] OK Inside A.last()
Inside B.last()
[136] OK Inside A.last()
Inside B.last()
[137] OK Inside A.last()
Inside B.last()
[138] OK Inside A.last()
Inside B.last()
[139] OK Inside A.last()
Inside B.last()
[140] OK Inside A.last()
Inside B.last()
[141] OK Inside A.last()
Inside B.last()
[142] OK Inside A.last()
Inside B.last()
[143] OK Inside A.last()
Inside B.last()
[144] OK Inside A.last()
Inside B.last()
[145] OK Inside A.last()
Inside B.last()
[146] OK Inside A.last()
Inside B.last()
[147] OK Inside A.last()
Inside B.last()
[148] OK Inside A.last()
Inside B.last()
[149] OK Inside A.last()
Inside B.last()
[150] OK Inside A.last()
Inside B.last()
[151] OK Inside A.last()
Inside B.last()
[152] DEADLOCK
[153] OK Inside A.last()
Inside B.last()
[154] OK Inside A.last()
Inside B.last()
[155] OK Inside A.last()
Inside B.last()
[156] OK Inside A.last()
Inside B.last()
[157] OK Inside A.last()
Inside B.last()
[158] OK Inside A.last()
Inside B.last()
[159] OK Inside A.last()
Inside B.last()
[160] OK Inside A.last()
Inside B.last()
[161] OK Inside A.last()
Inside B.last()
[162] OK Inside A.last()
Inside B.last()
[163] OK Inside A.last()
Inside B.last()
[164] OK Inside A.last()
Inside B.last()
[165] OK Inside A.last()
Inside B.last()
[166] OK Inside A.last()
Inside B.last()
[167] OK Inside A.last()
Inside B.last()
[168] OK Inside A.last()
Inside B.last()
[169] OK Inside A.last()
Inside B.last()
[170] OK Inside A.last()
Inside B.last()
[171] OK Inside A.last()
Inside B.last()
[172] OK Inside A.last()
Inside B.last()
[173] OK Inside A.last()
Inside B.last()
[174] OK Inside A.last()
Inside B.last()
[175] OK Inside A.last()
Inside B.last()
[176] OK Inside A.last()
Inside B.last()
[177] OK Inside A.last()
Inside B.last()
[178] OK Inside A.last()
Inside B.last()
[179] OK Inside A.last()
Inside B.last()
[180] OK Inside A.last()
Inside B.last()
[181] OK Inside A.last()
Inside B.last()
[182] OK Inside A.last()
Inside B.last()
[183] OK Inside A.last()
Inside B.last()
[184] OK Inside A.last()
Inside B.last()
[185] OK Inside A.last()
Inside B.last()
[186] OK Inside A.last()
Inside B.last()
[187] OK Inside A.last()
Inside B.last()
[188] OK Inside A.last()
Inside B.last()
[189] OK Inside A.last()
Inside B.last()
[190] OK Inside A.last()
Inside B.last()
[191] OK Inside A.last()
Inside B.last()
[192] OK Inside A.last()
Inside B.last()
[193] OK Inside A.last()
Inside B.last()
[194] OK Inside A.last()
Inside B.last()
[195] OK Inside A.last()
Inside B.last()
[196] OK Inside A.last()
Inside B.last()
[197] OK Inside A.last()
Inside B.last()
[198] OK Inside A.last()
Inside B.last()
[199] OK Inside A.last()
Inside B.last()
[200] OK Inside A.last()
Inside B.last()
